Archive member included because of file (symbol)

c:/stm32toolchain/gnu-arm/4.8-2014q3/bin/../lib/gcc/arm-none-eabi/4.8.4/armv7-m\libgcc.a(unwind-arm.o)
                              ./system/src/newlib/_cxx.o (__aeabi_unwind_cpp_pr1)
c:/stm32toolchain/gnu-arm/4.8-2014q3/bin/../lib/gcc/arm-none-eabi/4.8.4/armv7-m\libgcc.a(libunwind.o)
                              c:/stm32toolchain/gnu-arm/4.8-2014q3/bin/../lib/gcc/arm-none-eabi/4.8.4/armv7-m\libgcc.a(unwind-arm.o) (restore_core_regs)
c:/stm32toolchain/gnu-arm/4.8-2014q3/bin/../lib/gcc/arm-none-eabi/4.8.4/armv7-m\libgcc.a(pr-support.o)
                              c:/stm32toolchain/gnu-arm/4.8-2014q3/bin/../lib/gcc/arm-none-eabi/4.8.4/armv7-m\libgcc.a(unwind-arm.o) (__gnu_unwind_execute)
c:/stm32toolchain/gnu-arm/4.8-2014q3/bin/../lib/gcc/arm-none-eabi/4.8.4/../../../../arm-none-eabi/lib/armv7-m\libg_s.a(lib_a-errno.o)
                              ./system/src/newlib/_sbrk.o (__errno)
c:/stm32toolchain/gnu-arm/4.8-2014q3/bin/../lib/gcc/arm-none-eabi/4.8.4/../../../../arm-none-eabi/lib/armv7-m\libg_s.a(lib_a-impure.o)
                              c:/stm32toolchain/gnu-arm/4.8-2014q3/bin/../lib/gcc/arm-none-eabi/4.8.4/../../../../arm-none-eabi/lib/armv7-m\libg_s.a(lib_a-errno.o) (_impure_ptr)
c:/stm32toolchain/gnu-arm/4.8-2014q3/bin/../lib/gcc/arm-none-eabi/4.8.4/../../../../arm-none-eabi/lib/armv7-m\libg_s.a(lib_a-init.o)
                              ./system/src/cmsis/startup_stm32f103xb.o (__libc_init_array)
c:/stm32toolchain/gnu-arm/4.8-2014q3/bin/../lib/gcc/arm-none-eabi/4.8.4/../../../../arm-none-eabi/lib/armv7-m\libg_s.a(lib_a-memcpy-stub.o)
                              ./Middlewares/Third_Party/FreeRTOS/Source/queue.o (memcpy)
c:/stm32toolchain/gnu-arm/4.8-2014q3/bin/../lib/gcc/arm-none-eabi/4.8.4/../../../../arm-none-eabi/lib/armv7-m\libg_s.a(lib_a-memset.o)
                              ./Middlewares/Third_Party/FreeRTOS/Source/CMSIS_RTOS/cmsis_os.o (memset)
c:/stm32toolchain/gnu-arm/4.8-2014q3/bin/../lib/gcc/arm-none-eabi/4.8.4/../../../../arm-none-eabi/lib/armv7-m\libg_s.a(lib_a-sprintf.o)
                              ./src/main.o (sprintf)
c:/stm32toolchain/gnu-arm/4.8-2014q3/bin/../lib/gcc/arm-none-eabi/4.8.4/../../../../arm-none-eabi/lib/armv7-m\libg_s.a(lib_a-strlen.o)
                              ./system/src/diag/Trace.o (strlen)
c:/stm32toolchain/gnu-arm/4.8-2014q3/bin/../lib/gcc/arm-none-eabi/4.8.4/../../../../arm-none-eabi/lib/armv7-m\libg_s.a(lib_a-svfprintf.o)
                              c:/stm32toolchain/gnu-arm/4.8-2014q3/bin/../lib/gcc/arm-none-eabi/4.8.4/../../../../arm-none-eabi/lib/armv7-m\libg_s.a(lib_a-sprintf.o) (_svfprintf_r)
c:/stm32toolchain/gnu-arm/4.8-2014q3/bin/../lib/gcc/arm-none-eabi/4.8.4/../../../../arm-none-eabi/lib/armv7-m\libg_s.a(lib_a-vfprintf_i.o)
                              c:/stm32toolchain/gnu-arm/4.8-2014q3/bin/../lib/gcc/arm-none-eabi/4.8.4/../../../../arm-none-eabi/lib/armv7-m\libg_s.a(lib_a-svfprintf.o) (_printf_i)
c:/stm32toolchain/gnu-arm/4.8-2014q3/bin/../lib/gcc/arm-none-eabi/4.8.4/../../../../arm-none-eabi/lib/armv7-m\libg_s.a(lib_a-vsnprintf.o)
                              ./system/src/diag/Trace.o (vsnprintf)
c:/stm32toolchain/gnu-arm/4.8-2014q3/bin/../lib/gcc/arm-none-eabi/4.8.4/../../../../arm-none-eabi/lib/armv7-m\libg_s.a(lib_a-memchr-stub.o)
                              c:/stm32toolchain/gnu-arm/4.8-2014q3/bin/../lib/gcc/arm-none-eabi/4.8.4/../../../../arm-none-eabi/lib/armv7-m\libg_s.a(lib_a-svfprintf.o) (memchr)
c:/stm32toolchain/gnu-arm/4.8-2014q3/bin/../lib/gcc/arm-none-eabi/4.8.4/../../../../arm-none-eabi/lib/armv7-m\libg_s.a(lib_a-memmove.o)
                              c:/stm32toolchain/gnu-arm/4.8-2014q3/bin/../lib/gcc/arm-none-eabi/4.8.4/../../../../arm-none-eabi/lib/armv7-m\libg_s.a(lib_a-svfprintf.o) (memmove)
c:/stm32toolchain/gnu-arm/4.8-2014q3/bin/../lib/gcc/arm-none-eabi/4.8.4/../../../../arm-none-eabi/lib/armv7-m\libg_s.a(lib_a-nano-freer.o)
                              c:/stm32toolchain/gnu-arm/4.8-2014q3/bin/../lib/gcc/arm-none-eabi/4.8.4/../../../../arm-none-eabi/lib/armv7-m\libg_s.a(lib_a-svfprintf.o) (_free_r)
c:/stm32toolchain/gnu-arm/4.8-2014q3/bin/../lib/gcc/arm-none-eabi/4.8.4/../../../../arm-none-eabi/lib/armv7-m\libg_s.a(lib_a-nano-mallocr.o)
                              c:/stm32toolchain/gnu-arm/4.8-2014q3/bin/../lib/gcc/arm-none-eabi/4.8.4/../../../../arm-none-eabi/lib/armv7-m\libg_s.a(lib_a-svfprintf.o) (_malloc_r)
c:/stm32toolchain/gnu-arm/4.8-2014q3/bin/../lib/gcc/arm-none-eabi/4.8.4/../../../../arm-none-eabi/lib/armv7-m\libg_s.a(lib_a-nano-reallocr.o)
                              c:/stm32toolchain/gnu-arm/4.8-2014q3/bin/../lib/gcc/arm-none-eabi/4.8.4/../../../../arm-none-eabi/lib/armv7-m\libg_s.a(lib_a-svfprintf.o) (_realloc_r)
c:/stm32toolchain/gnu-arm/4.8-2014q3/bin/../lib/gcc/arm-none-eabi/4.8.4/../../../../arm-none-eabi/lib/armv7-m\libg_s.a(lib_a-sbrkr.o)
[...]
Memory Configuration

Name             Origin             Length             Attributes
FLASH            0x08000000         0x00010000         xr
RAM              0x20000000         0x00005000         xrw
CCMRAM           0x10000000         0x00000000         xrw
FLASHB1          0x00000000         0x00000000         xr
EXTMEMB0         0x00000000         0x00000000         xr
EXTMEMB1         0x00000000         0x00000000         xr
EXTMEMB2         0x00000000         0x00000000         xr
EXTMEMB3         0x00000000         0x00000000         xr
*default*        0x00000000         0xffffffff

Linker script and memory map

LOAD ./system/src/stm32f1xx/stm32f1xx_hal.o
LOAD ./system/src/stm32f1xx/stm32f1xx_hal_can.o
LOAD ./system/src/stm32f1xx/stm32f1xx_hal_cortex.o
LOAD ./system/src/stm32f1xx/stm32f1xx_hal_dma.o
LOAD ./system/src/stm32f1xx/stm32f1xx_hal_flash.o
LOAD ./system/src/stm32f1xx/stm32f1xx_hal_flash_ex.o
LOAD ./system/src/stm32f1xx/stm32f1xx_hal_gpio.o
LOAD ./system/src/stm32f1xx/stm32f1xx_hal_gpio_ex.o
LOAD ./system/src/stm32f1xx/stm32f1xx_hal_pwr.o
LOAD ./system/src/stm32f1xx/stm32f1xx_hal_rcc.o
LOAD ./system/src/stm32f1xx/stm32f1xx_hal_rcc_ex.o
LOAD ./system/src/stm32f1xx/stm32f1xx_hal_spi.o
LOAD ./system/src/stm32f1xx/stm32f1xx_hal_spi_ex.o
LOAD ./system/src/stm32f1xx/stm32f1xx_hal_uart.o
LOAD ./system/src/newlib/_cxx.o
LOAD ./system/src/newlib/_exit.o
LOAD ./system/src/newlib/_sbrk.o
LOAD ./system/src/newlib/_startup.o
LOAD ./system/src/newlib/_syscalls.o
LOAD ./system/src/newlib/assert.o
LOAD ./system/src/diag/Trace.o
LOAD ./system/src/diag/trace_impl.o
LOAD ./system/src/cortexm/_initialize_hardware.o
LOAD ./system/src/cortexm/_reset_hardware.o
LOAD ./system/src/cortexm/exception_handlers.o
LOAD ./system/src/cmsis/startup_stm32f103xb.o
LOAD ./system/src/cmsis/system_stm32f1xx.o
LOAD ./src/freertos.o
LOAD ./src/main.o
LOAD ./src/stm32f1xx_hal_msp.o
LOAD ./src/stm32f1xx_it.o
LOAD ./Middlewares/Third_Party/FreeRTOS/Source/portable/MemMang/heap_4.o
LOAD ./Middlewares/Third_Party/FreeRTOS/Source/portable/GCC/ARM_CM3/port.o
LOAD ./Middlewares/Third_Party/FreeRTOS/Source/CMSIS_RTOS/cmsis_os.o
LOAD ./Middlewares/Third_Party/FreeRTOS/Source/croutine.o
LOAD ./Middlewares/Third_Party/FreeRTOS/Source/event_groups.o
LOAD ./Middlewares/Third_Party/FreeRTOS/Source/list.o
LOAD ./Middlewares/Third_Party/FreeRTOS/Source/queue.o
LOAD ./Middlewares/Third_Party/FreeRTOS/Source/tasks.o
LOAD ./Middlewares/Third_Party/FreeRTOS/Source/timers.o
LOAD c:/stm32toolchain/gnu-arm/4.8-2014q3/bin/../lib/gcc/arm-none-eabi/4.8.4/../../../../arm-none-eabi/lib/armv7-m\libstdc++_s.a
LOAD c:/stm32toolchain/gnu-arm/4.8-2014q3/bin/../lib/gcc/arm-none-eabi/4.8.4/../../../../arm-none-eabi/lib/armv7-m\libm.a
START GROUP
LOAD c:/stm32toolchain/gnu-arm/4.8-2014q3/bin/../lib/gcc/arm-none-eabi/4.8.4/armv7-m\libgcc.a
LOAD c:/stm32toolchain/gnu-arm/4.8-2014q3/bin/../lib/gcc/arm-none-eabi/4.8.4/../../../../arm-none-eabi/lib/armv7-m\libg_s.a
LOAD c:/stm32toolchain/gnu-arm/4.8-2014q3/bin/../lib/gcc/arm-none-eabi/4.8.4/../../../../arm-none-eabi/lib/armv7-m\libc_s.a
END GROUP
START GROUP
LOAD c:/stm32toolchain/gnu-arm/4.8-2014q3/bin/../lib/gcc/arm-none-eabi/4.8.4/armv7-m\libgcc.a
LOAD c:/stm32toolchain/gnu-arm/4.8-2014q3/bin/../lib/gcc/arm-none-eabi/4.8.4/../../../../arm-none-eabi/lib/armv7-m\libc_s.a
END GROUP
                0x20005000                __stack = (ORIGIN (RAM) + 0x5000)
                0x20005000                _estack = __stack
                0x00000400                __Main_Stack_Size = 0x400
                0x00000400                PROVIDE (_Main_Stack_Size, __Main_Stack_Size)
                0x20004c00                __Main_Stack_Limit = (__stack - __Main_Stack_Size)
                0x20004c00                PROVIDE (_Main_Stack_Limit, __Main_Stack_Limit)
                0x00000100                _Minimum_Stack_Size = 0x100
                0x2000101c                PROVIDE (_Heap_Begin, _end_noinit)
                0x20004c00                PROVIDE (_Heap_Limit, (__stack - __Main_Stack_Size))

.isr_vector     0x08000000      0x324
 FILL mask 0xff
                0x08000000                __vectors_start = ABSOLUTE (.)
                0x08000000                __vectors_start__ = ABSOLUTE (.)
 *(.isr_vector)
 .isr_vector    0x08000000      0x10c ./system/src/cmsis/startup_stm32f103xb.o
                0x08000000                g_pfnVectors
 *(.cfmconfig)
 *(.after_vectors .after_vectors.*)
 .after_vectors
                0x0800010c      0x114 ./system/src/newlib/_startup.o
                0x0800010c                _start
 .after_vectors
                0x08000220      0x104 ./system/src/cortexm/exception_handlers.o
                0x08000220                Reset_Handler
                0x08000240                HardFault_Handler_C
                0x0800028c                BusFault_Handler_C
                0x080002d4                UsageFault_Handler_C

.inits          0x08000324       0x28
                0x08000324                __data_regions_array_start = .
                0x08000324        0x4 LONG 0x8003618 LOADADDR (.data)
                0x08000328        0x4 LONG 0x20000000 ADDR (.data)
                0x0800032c        0x4 LONG 0x2000007c (ADDR (.data) + SIZEOF (.data))
                0x08000330        0x4 LONG 0x8003618 LOADADDR (.data_CCMRAM)
                0x08000334        0x4 LONG 0x10000000 ADDR (.data_CCMRAM)
                0x08000338        0x4 LONG 0x10000000 (ADDR (.data_CCMRAM) + SIZEOF (.data_CCMRAM))
                0x0800033c                __data_regions_array_end = .
                0x0800033c                __bss_regions_array_start = .
                0x0800033c        0x4 LONG 0x2000007c ADDR (.bss)
                0x08000340        0x4 LONG 0x2000101c (ADDR (.bss) + SIZEOF (.bss))
                0x08000344        0x4 LONG 0x10000000 ADDR (.bss_CCMRAM)
                0x08000348        0x4 LONG 0x10000000 (ADDR (.bss_CCMRAM) + SIZEOF (.bss_CCMRAM))
                0x0800034c                __bss_regions_array_end = .
 *(.init)
 *(.fini)
                0x0800034c                . = ALIGN (0x4)
                0x0800034c                PROVIDE (__preinit_array_start, .)
 *(.preinit_array_sysinit .preinit_array_sysinit.*)
 *(.preinit_array_platform .preinit_array_platform.*)
 *(.preinit_array .preinit_array.*)
                0x0800034c                PROVIDE (__preinit_array_end, .)
                0x0800034c                . = ALIGN (0x4)
                0x0800034c                PROVIDE (__init_array_start, .)
 *(SORT(.init_array.*))
 *(.init_array)
                0x0800034c                PROVIDE (__init_array_end, .)
                0x0800034c                . = ALIGN (0x4)
                0x0800034c                PROVIDE (__fini_array_start, .)
 *(SORT(.fini_array.*))
 *(.fini_array)
                0x0800034c                PROVIDE (__fini_array_end, .)

.flashtext
 *(.flashtext .flashtext.*)

.text           0x0800034c     0x32c9
 *(.text .text.*)
 .text.HAL_InitTick
                0x0800034c       0x28 ./system/src/stm32f1xx/stm32f1xx_hal.o
                0x0800034c                HAL_InitTick
 .text.HAL_Init
                0x08000374       0x24 ./system/src/stm32f1xx/stm32f1xx_hal.o
                0x08000374                HAL_Init
 .text.HAL_IncTick
                0x08000398       0x10 ./system/src/stm32f1xx/stm32f1xx_hal.o
                0x08000398                HAL_IncTick
 .text.HAL_GetTick
                0x080003a8        0xc ./system/src/stm32f1xx/stm32f1xx_hal.o
                0x080003a8                HAL_GetTick
 .text.HAL_Delay
                0x080003b4       0x1c ./system/src/stm32f1xx/stm32f1xx_hal.o
                0x080003b4                HAL_Delay
 .text.HAL_CAN_Init
                0x080003d0      0x130 ./system/src/stm32f1xx/stm32f1xx_hal_can.o
                0x080003d0                HAL_CAN_Init
 .text.HAL_CAN_Transmit
                0x08000500      0x1c4 ./system/src/stm32f1xx/stm32f1xx_hal_can.o
                0x08000500                HAL_CAN_Transmit
 .text.HAL_CAN_Receive_IT
                0x080006c4       0x7c ./system/src/stm32f1xx/stm32f1xx_hal_can.o
                0x080006c4                HAL_CAN_Receive_IT
 .text.HAL_NVIC_SetPriorityGrouping
                0x08000740       0x24 ./system/src/stm32f1xx/stm32f1xx_hal_cortex.o
                0x08000740                HAL_NVIC_SetPriorityGrouping
 .text.HAL_NVIC_SetPriority
                0x08000764       0x64 ./system/src/stm32f1xx/stm32f1xx_hal_cortex.o
                0x08000764                HAL_NVIC_SetPriority
 .text.HAL_SYSTICK_Config
                0x080007c8       0x2c ./system/src/stm32f1xx/stm32f1xx_hal_cortex.o
                0x080007c8                HAL_SYSTICK_Config
 .text.HAL_SYSTICK_CLKSourceConfig
                0x080007f4       0x20 ./system/src/stm32f1xx/stm32f1xx_hal_cortex.o
                0x080007f4                HAL_SYSTICK_CLKSourceConfig
 .text.HAL_GPIO_Init
                0x08000814      0x1e0 ./system/src/stm32f1xx/stm32f1xx_hal_gpio.o
                0x08000814                HAL_GPIO_Init
 .text.HAL_GPIO_WritePin
                0x080009f4        0xc ./system/src/stm32f1xx/stm32f1xx_hal_gpio.o
                0x080009f4                HAL_GPIO_WritePin
 .text.HAL_RCC_OscConfig
                0x08000a00      0x5f8 ./system/src/stm32f1xx/stm32f1xx_hal_rcc.o
                0x08000a00                HAL_RCC_OscConfig
 .text.HAL_RCC_GetSysClockFreq
                0x08000ff8       0x94 ./system/src/stm32f1xx/stm32f1xx_hal_rcc.o
                0x08000ff8                HAL_RCC_GetSysClockFreq
 .text.HAL_RCC_ClockConfig
                0x0800108c      0x1e4 ./system/src/stm32f1xx/stm32f1xx_hal_rcc.o
                0x0800108c                HAL_RCC_ClockConfig
 .text.HAL_RCC_GetHCLKFreq
                0x08001270        0xc ./system/src/stm32f1xx/stm32f1xx_hal_rcc.o
                0x08001270                HAL_RCC_GetHCLKFreq
 .text.HAL_RCC_GetPCLK1Freq
                0x0800127c       0x30 ./system/src/stm32f1xx/stm32f1xx_hal_rcc.o
                0x0800127c                HAL_RCC_GetPCLK1Freq
 .text.HAL_RCC_GetPCLK2Freq
                0x080012ac       0x30 ./system/src/stm32f1xx/stm32f1xx_hal_rcc.o
                0x080012ac                HAL_RCC_GetPCLK2Freq
 .text.HAL_SPI_Init
                0x080012dc       0x88 ./system/src/stm32f1xx/stm32f1xx_hal_spi_ex.o
                0x080012dc                HAL_SPI_Init
 .text.UART_SetConfig
                0x08001364      0x1b4 ./system/src/stm32f1xx/stm32f1xx_hal_uart.o
 .text.UART_WaitOnFlagUntilTimeout
                0x08001518       0xd4 ./system/src/stm32f1xx/stm32f1xx_hal_uart.o
 .text.HAL_UART_Init
                0x080015ec       0x60 ./system/src/stm32f1xx/stm32f1xx_hal_uart.o
                0x080015ec                HAL_UART_Init
 .text.HAL_UART_Transmit
                0x0800164c       0xe8 ./system/src/stm32f1xx/stm32f1xx_hal_uart.o
                0x0800164c                HAL_UART_Transmit
 .text._exit    0x08001734        0x4 ./system/src/newlib/_exit.o
                0x08001734                _exit
 .text._sbrk    0x08001738       0x44 ./system/src/newlib/_sbrk.o
                0x08001738                _sbrk
 .text.__initialize_args
                0x0800177c       0x10 ./system/src/newlib/_syscalls.o
                0x0800177c                __initialize_args
 .text.trace_printf
                0x0800178c       0x34 ./system/src/diag/Trace.o
                0x0800178c                trace_printf
 .text.trace_write
                0x080017c0        0x8 ./system/src/diag/trace_impl.o
                0x080017c0                trace_write
 .text.__initialize_hardware_early
                0x080017c8       0x18 ./system/src/cortexm/_initialize_hardware.o
                0x080017c8                __initialize_hardware_early
 .text.__initialize_hardware
                0x080017e0        0x8 ./system/src/cortexm/_initialize_hardware.o
                0x080017e0                __initialize_hardware
 .text.dumpExceptionStack
                0x080017e8       0xf0 ./system/src/cortexm/exception_handlers.o
                0x080017e8                dumpExceptionStack
 .text.Default_Handler
                0x080018d8        0x4 ./system/src/cmsis/startup_stm32f103xb.o
                0x080018d8                RTC_Alarm_IRQHandler
                0x080018d8                EXTI2_IRQHandler
                0x080018d8                TIM1_CC_IRQHandler
                0x080018d8                PVD_IRQHandler
                0x080018d8                EXTI3_IRQHandler
                0x080018d8                EXTI0_IRQHandler
                0x080018d8                I2C2_EV_IRQHandler
                0x080018d8                ADC1_2_IRQHandler
                0x080018d8                SPI1_IRQHandler
                0x080018d8                TAMPER_IRQHandler
                0x080018d8                DMA1_Channel4_IRQHandler
                0x080018d8                USART3_IRQHandler
                0x080018d8                RTC_IRQHandler
                0x080018d8                DMA1_Channel7_IRQHandler
                0x080018d8                CAN1_RX1_IRQHandler
                0x080018d8                TIM4_IRQHandler
                0x080018d8                I2C1_EV_IRQHandler
                0x080018d8                DMA1_Channel6_IRQHandler
                0x080018d8                TIM3_IRQHandler
                0x080018d8                RCC_IRQHandler
                0x080018d8                TIM1_TRG_COM_IRQHandler
                0x080018d8                DMA1_Channel1_IRQHandler
                0x080018d8                Default_Handler
                0x080018d8                EXTI15_10_IRQHandler
                0x080018d8                EXTI9_5_IRQHandler
                0x080018d8                SPI2_IRQHandler
                0x080018d8                DMA1_Channel5_IRQHandler
                0x080018d8                EXTI4_IRQHandler
                0x080018d8                USB_LP_CAN1_RX0_IRQHandler
                0x080018d8                USB_HP_CAN1_TX_IRQHandler
                0x080018d8                DMA1_Channel3_IRQHandler
                0x080018d8                TIM1_UP_IRQHandler
                0x080018d8                WWDG_IRQHandler
                0x080018d8                TIM2_IRQHandler
                0x080018d8                TIM1_BRK_IRQHandler
                0x080018d8                EXTI1_IRQHandler
                0x080018d8                USART2_IRQHandler
                0x080018d8                I2C2_ER_IRQHandler
                0x080018d8                DMA1_Channel2_IRQHandler
                0x080018d8                CAN1_SCE_IRQHandler
                0x080018d8                FLASH_IRQHandler
                0x080018d8                USART1_IRQHandler
                0x080018d8                I2C1_ER_IRQHandler
                0x080018d8                USBWakeUp_IRQHandler
 .text.SystemInit
                0x080018dc       0x4c ./system/src/cmsis/system_stm32f1xx.o
                0x080018dc                SystemInit
 .text.SystemCoreClockUpdate
                0x08001928       0x94 ./system/src/cmsis/system_stm32f1xx.o
                0x08001928                SystemCoreClockUpdate
 .text.MX_GPIO_Init
                0x080019bc       0xb8 ./src/main.o
 .text.receive  0x08001a74       0xb0 ./src/main.o
                0x08001a74                receive
 .text.task     0x08001b24       0x68 ./src/main.o
                0x08001b24                task
 .text._Error_Handler
                0x08001b8c        0x4 ./src/main.o
                0x08001b8c                _Error_Handler
 .text.MX_SPI2_Init
                0x08001b90       0x48 ./src/main.o
 .text.MX_SPI1_Init
                0x08001bd8       0x48 ./src/main.o
 .text.MX_USART1_UART_Init
                0x08001c20       0x3c ./src/main.o
 .text.MX_USART2_UART_Init
                0x08001c5c       0x3c ./src/main.o
 .text.MX_CAN_Init
                0x08001c98       0x50 ./src/main.o
 .text.SystemClock_Config
                0x08001ce8       0x74 ./src/main.o
                0x08001ce8                SystemClock_Config
 .text.main     0x08001d5c       0x74 ./src/main.o
                0x08001d5c                main
 .text.HAL_MspInit
                0x08001dd0       0x7c ./src/stm32f1xx_hal_msp.o
                0x08001dd0                HAL_MspInit
 .text.HAL_CAN_MspInit
                0x08001e4c       0x5c ./src/stm32f1xx_hal_msp.o
                0x08001e4c                HAL_CAN_MspInit
 .text.HAL_SPI_MspInit
                0x08001ea8       0xa8 ./src/stm32f1xx_hal_msp.o
                0x08001ea8                HAL_SPI_MspInit
 .text.HAL_UART_MspInit
                0x08001f50       0xa4 ./src/stm32f1xx_hal_msp.o
                0x08001f50                HAL_UART_MspInit
 .text.NMI_Handler
                0x08001ff4        0x4 ./src/stm32f1xx_it.o
                0x08001ff4                NMI_Handler
 .text.HardFault_Handler
                0x08001ff8        0x4 ./src/stm32f1xx_it.o
                0x08001ff8                HardFault_Handler
 .text.MemManage_Handler
                0x08001ffc        0x4 ./src/stm32f1xx_it.o
                0x08001ffc                MemManage_Handler
 .text.BusFault_Handler
                0x08002000        0x4 ./src/stm32f1xx_it.o
                0x08002000                BusFault_Handler
 .text.UsageFault_Handler
                0x08002004        0x4 ./src/stm32f1xx_it.o
                0x08002004                UsageFault_Handler
 .text.DebugMon_Handler
                0x08002008        0x4 ./src/stm32f1xx_it.o
                0x08002008                DebugMon_Handler
 .text.SysTick_Handler
                0x0800200c        0xc ./src/stm32f1xx_it.o
                0x0800200c                SysTick_Handler
 .text.prvHeapInit
                0x08002018       0x64 ./Middlewares/Third_Party/FreeRTOS/Source/portable/MemMang/heap_4.o
 .text.prvInsertBlockIntoFreeList
                0x0800207c       0x58 ./Middlewares/Third_Party/FreeRTOS/Source/portable/MemMang/heap_4.o
 .text.pvPortMalloc
                0x080020d4       0xd4 ./Middlewares/Third_Party/FreeRTOS/Source/portable/MemMang/heap_4.o
                0x080020d4                pvPortMalloc
 .text.vPortFree
                0x080021a8       0x5c ./Middlewares/Third_Party/FreeRTOS/Source/portable/MemMang/heap_4.o
                0x080021a8                vPortFree
 .text.prvPortStartFirstTask
                0x08002204       0x20 ./Middlewares/Third_Party/FreeRTOS/Source/portable/GCC/ARM_CM3/port.o
 .text.pxPortInitialiseStack
                0x08002224       0x20 ./Middlewares/Third_Party/FreeRTOS/Source/portable/GCC/ARM_CM3/port.o
                0x08002224                pxPortInitialiseStack
 .text.SVC_Handler
                0x08002244       0x24 ./Middlewares/Third_Party/FreeRTOS/Source/portable/GCC/ARM_CM3/port.o
                0x08002244                SVC_Handler
 .text.vPortYield
                0x08002268       0x18 ./Middlewares/Third_Party/FreeRTOS/Source/portable/GCC/ARM_CM3/port.o
                0x08002268                vPortYield
 .text.ulPortSetInterruptMask
                0x08002280       0x10 ./Middlewares/Third_Party/FreeRTOS/Source/portable/GCC/ARM_CM3/port.o
                0x08002280                ulPortSetInterruptMask
 .text.prvTaskExitError
                0x08002290       0x1c ./Middlewares/Third_Party/FreeRTOS/Source/portable/GCC/ARM_CM3/port.o
 .text.vPortEnterCritical
                0x080022ac       0x34 ./Middlewares/Third_Party/FreeRTOS/Source/portable/GCC/ARM_CM3/port.o
                0x080022ac                vPortEnterCritical
 .text.vPortClearInterruptMask
                0x080022e0        0x8 ./Middlewares/Third_Party/FreeRTOS/Source/portable/GCC/ARM_CM3/port.o
                0x080022e0                vPortClearInterruptMask
 .text.vPortExitCritical
                0x080022e8       0x24 ./Middlewares/Third_Party/FreeRTOS/Source/portable/GCC/ARM_CM3/port.o
                0x080022e8                vPortExitCritical
 .text.PendSV_Handler
                0x0800230c       0x44 ./Middlewares/Third_Party/FreeRTOS/Source/portable/GCC/ARM_CM3/port.o
                0x0800230c                PendSV_Handler
 .text.xPortSysTickHandler
                0x08002350       0x20 ./Middlewares/Third_Party/FreeRTOS/Source/portable/GCC/ARM_CM3/port.o
                0x08002350                xPortSysTickHandler
 .text.vPortSetupTimerInterrupt
                0x08002370       0x28 ./Middlewares/Third_Party/FreeRTOS/Source/portable/GCC/ARM_CM3/port.o
                0x08002370                vPortSetupTimerInterrupt
 .text.xPortStartScheduler
                0x08002398       0x94 ./Middlewares/Third_Party/FreeRTOS/Source/portable/GCC/ARM_CM3/port.o
                0x08002398                xPortStartScheduler
 .text.osSystickHandler
                0x0800242c       0x10 ./Middlewares/Third_Party/FreeRTOS/Source/CMSIS_RTOS/cmsis_os.o
                0x0800242c                osSystickHandler
 .text.vListInitialise
                0x0800243c       0x18 ./Middlewares/Third_Party/FreeRTOS/Source/list.o
                0x0800243c                vListInitialise
 .text.vListInitialiseItem
                0x08002454        0x8 ./Middlewares/Third_Party/FreeRTOS/Source/list.o
                0x08002454                vListInitialiseItem
 .text.vListInsertEnd
                0x0800245c       0x18 ./Middlewares/Third_Party/FreeRTOS/Source/list.o
                0x0800245c                vListInsertEnd
 .text.vListInsert
                0x08002474       0x34 ./Middlewares/Third_Party/FreeRTOS/Source/list.o
                0x08002474                vListInsert
 .text.uxListRemove
                0x080024a8       0x24 ./Middlewares/Third_Party/FreeRTOS/Source/list.o
                0x080024a8                uxListRemove
 .text.prvResetNextTaskUnblockTime
                0x080024cc       0x34 ./Middlewares/Third_Party/FreeRTOS/Source/tasks.o
 .text.prvAllocateTCBAndStack
                0x08002500       0x2c ./Middlewares/Third_Party/FreeRTOS/Source/tasks.o
 .text.prvDeleteTCB
                0x0800252c       0x14 ./Middlewares/Third_Party/FreeRTOS/Source/tasks.o
 .text.prvInitialiseTCBVariables
                0x08002540       0x50 ./Middlewares/Third_Party/FreeRTOS/Source/tasks.o
 .text.prvInitialiseTaskLists
                0x08002590       0x64 ./Middlewares/Third_Party/FreeRTOS/Source/tasks.o
 .text.prvAddCurrentTaskToDelayedList
                0x080025f4       0x54 ./Middlewares/Third_Party/FreeRTOS/Source/tasks.o
 .text.xTaskGenericCreate
                0x08002648      0x10c ./Middlewares/Third_Party/FreeRTOS/Source/tasks.o
                0x08002648                xTaskGenericCreate
 .text.vTaskStartScheduler
                0x08002754       0x5c ./Middlewares/Third_Party/FreeRTOS/Source/tasks.o
                0x08002754                vTaskStartScheduler
 .text.vTaskSuspendAll
                0x080027b0       0x10 ./Middlewares/Third_Party/FreeRTOS/Source/tasks.o
                0x080027b0                vTaskSuspendAll
 .text.xTaskIncrementTick
                0x080027c0      0x118 ./Middlewares/Third_Party/FreeRTOS/Source/tasks.o
                0x080027c0                xTaskIncrementTick
 .text.xTaskResumeAll
                0x080028d8       0xdc ./Middlewares/Third_Party/FreeRTOS/Source/tasks.o
                0x080028d8                xTaskResumeAll
 .text.vTaskDelay
                0x080029b4       0x64 ./Middlewares/Third_Party/FreeRTOS/Source/tasks.o
                0x080029b4                vTaskDelay
 .text.prvCheckTasksWaitingTermination
                0x08002a18       0x54 ./Middlewares/Third_Party/FreeRTOS/Source/tasks.o
 .text.prvIdleTask
                0x08002a6c       0x18 ./Middlewares/Third_Party/FreeRTOS/Source/tasks.o
 .text.vTaskSwitchContext
                0x08002a84       0x70 ./Middlewares/Third_Party/FreeRTOS/Source/tasks.o
                0x08002a84                vTaskSwitchContext
 .text.xTaskGetSchedulerState
                0x08002af4       0x20 ./Middlewares/Third_Party/FreeRTOS/Source/tasks.o
                0x08002af4                xTaskGetSchedulerState
 .text.__errno  0x08002b14        0xc c:/stm32toolchain/gnu-arm/4.8-2014q3/bin/../lib/gcc/arm-none-eabi/4.8.4/../../../../arm-none-eabi/lib/armv7-m\libg_s.a(lib_a-errno.o)
                0x08002b14                __errno
 .text.memcpy   0x08002b20       0x12 c:/stm32toolchain/gnu-arm/4.8-2014q3/bin/../lib/gcc/arm-none-eabi/4.8.4/../../../../arm-none-eabi/lib/armv7-m\libg_s.a(lib_a-memcpy-stub.o)
                0x08002b20                memcpy
 *fill*         0x08002b32        0x2 
 .text.sprintf  0x08002b34       0x48 c:/stm32toolchain/gnu-arm/4.8-2014q3/bin/../lib/gcc/arm-none-eabi/4.8.4/../../../../arm-none-eabi/lib/armv7-m\libg_s.a(lib_a-sprintf.o)
                0x08002b34                siprintf
                0x08002b34                sprintf
 .text.strlen   0x08002b7c       0x10 c:/stm32toolchain/gnu-arm/4.8-2014q3/bin/../lib/gcc/arm-none-eabi/4.8.4/../../../../arm-none-eabi/lib/armv7-m\libg_s.a(lib_a-strlen.o)
                0x08002b7c                strlen
 .text.__ssputs_r
                0x08002b8c       0xb8 c:/stm32toolchain/gnu-arm/4.8-2014q3/bin/../lib/gcc/arm-none-eabi/4.8.4/../../../../arm-none-eabi/lib/armv7-m\libg_s.a(lib_a-svfprintf.o)
                0x08002b8c                __ssputs_r
 .text._svfprintf_r
                0x08002c44      0x1d8 c:/stm32toolchain/gnu-arm/4.8-2014q3/bin/../lib/gcc/arm-none-eabi/4.8.4/../../../../arm-none-eabi/lib/armv7-m\libg_s.a(lib_a-svfprintf.o)
                0x08002c44                _svfiprintf_r
                0x08002c44                _svfprintf_r
 .text._printf_common
                0x08002e1c       0xe4 c:/stm32toolchain/gnu-arm/4.8-2014q3/bin/../lib/gcc/arm-none-eabi/4.8.4/../../../../arm-none-eabi/lib/armv7-m\libg_s.a(lib_a-vfprintf_i.o)
                0x08002e1c                _printf_common
 .text._printf_i
                0x08002f00      0x228 c:/stm32toolchain/gnu-arm/4.8-2014q3/bin/../lib/gcc/arm-none-eabi/4.8.4/../../../../arm-none-eabi/lib/armv7-m\libg_s.a(lib_a-vfprintf_i.o)
                0x08002f00                _printf_i
 .text._vsnprintf_r
                0x08003128       0x52 c:/stm32toolchain/gnu-arm/4.8-2014q3/bin/../lib/gcc/arm-none-eabi/4.8.4/../../../../arm-none-eabi/lib/armv7-m\libg_s.a(lib_a-vsnprintf.o)
                0x08003128                _vsniprintf_r
                0x08003128                _vsnprintf_r
 *fill*         0x0800317a        0x2 
 .text.vsnprintf
                0x0800317c       0x20 c:/stm32toolchain/gnu-arm/4.8-2014q3/bin/../lib/gcc/arm-none-eabi/4.8.4/../../../../arm-none-eabi/lib/armv7-m\libg_s.a(lib_a-vsnprintf.o)
                0x0800317c                vsniprintf
                0x0800317c                vsnprintf
 .text.memchr   0x0800319c       0x1c c:/stm32toolchain/gnu-arm/4.8-2014q3/bin/../lib/gcc/arm-none-eabi/4.8.4/../../../../arm-none-eabi/lib/armv7-m\libg_s.a(lib_a-memchr-stub.o)
                0x0800319c                memchr
 .text.memmove  0x080031b8       0x36 c:/stm32toolchain/gnu-arm/4.8-2014q3/bin/../lib/gcc/arm-none-eabi/4.8.4/../../../../arm-none-eabi/lib/armv7-m\libg_s.a(lib_a-memmove.o)
                0x080031b8                memmove
 *fill*         0x080031ee        0x2 
 .text._free_r  0x080031f0       0x88 c:/stm32toolchain/gnu-arm/4.8-2014q3/bin/../lib/gcc/arm-none-eabi/4.8.4/../../../../arm-none-eabi/lib/armv7-m\libg_s.a(lib_a-nano-freer.o)
                0x080031f0                _free_r
 .text._malloc_r
                0x08003278       0xa8 c:/stm32toolchain/gnu-arm/4.8-2014q3/bin/../lib/gcc/arm-none-eabi/4.8.4/../../../../arm-none-eabi/lib/armv7-m\libg_s.a(lib_a-nano-mallocr.o)
                0x08003278                _malloc_r
 .text._realloc_r
                0x08003320       0x4c c:/stm32toolchain/gnu-arm/4.8-2014q3/bin/../lib/gcc/arm-none-eabi/4.8.4/../../../../arm-none-eabi/lib/armv7-m\libg_s.a(lib_a-nano-reallocr.o)
                0x08003320                _realloc_r
 .text._sbrk_r  0x0800336c       0x20 c:/stm32toolchain/gnu-arm/4.8-2014q3/bin/../lib/gcc/arm-none-eabi/4.8.4/../../../../arm-none-eabi/lib/armv7-m\libg_s.a(lib_a-sbrkr.o)
                0x0800336c                _sbrk_r
 .text._malloc_usable_size_r
                0x0800338c       0x12 c:/stm32toolchain/gnu-arm/4.8-2014q3/bin/../lib/gcc/arm-none-eabi/4.8.4/../../../../arm-none-eabi/lib/armv7-m\libg_s.a(lib_a-nano-msizer.o)
                0x0800338c                _malloc_usable_size_r
 *(.rodata .rodata.* .constdata .constdata.*)
 *fill*         0x0800339e        0x2 
 .rodata        0x080033a0       0x14 ./system/src/stm32f1xx/stm32f1xx_hal_rcc.o
 .rodata.str1.4
                0x080033b4      0x146 ./system/src/cortexm/exception_handlers.o
                                0x148 (size before relaxing)
 *fill*         0x080034fa        0x2 
 .rodata.AHBPrescTable
                0x080034fc       0x10 ./system/src/cmsis/system_stm32f1xx.o
                0x080034fc                AHBPrescTable
 .rodata.APBPrescTable
                0x0800350c        0x8 ./system/src/cmsis/system_stm32f1xx.o
                0x0800350c                APBPrescTable
 .rodata.str1.4
                0x08003514       0xc1 ./src/main.o
                                 0xc4 (size before relaxing)
 *fill*         0x080035d5        0x3 
 .rodata.str1.4
                0x080035d8        0x8 ./Middlewares/Third_Party/FreeRTOS/Source/tasks.o
 .rodata.str1.1
                0x080035e0        0x2 c:/stm32toolchain/gnu-arm/4.8-2014q3/bin/../lib/gcc/arm-none-eabi/4.8.4/../../../../arm-none-eabi/lib/armv7-m\libg_s.a(lib_a-impure.o)
 .rodata.str1.1
                0x080035e2       0x11 c:/stm32toolchain/gnu-arm/4.8-2014q3/bin/../lib/gcc/arm-none-eabi/4.8.4/../../../../arm-none-eabi/lib/armv7-m\libg_s.a(lib_a-svfprintf.o)
 .rodata.str1.1
                0x080035f3       0x22 c:/stm32toolchain/gnu-arm/4.8-2014q3/bin/../lib/gcc/arm-none-eabi/4.8.4/../../../../arm-none-eabi/lib/armv7-m\libg_s.a(lib_a-vfprintf_i.o)
 *(vtable)
 *(.eh_frame*)
 *(.glue_7)
 .glue_7        0x00000000        0x0 linker stubs
 *(.glue_7t)
 .glue_7t       0x00000000        0x0 linker stubs

.vfp11_veneer   0x08003618        0x0
 .vfp11_veneer  0x00000000        0x0 linker stubs

.v4_bx          0x08003618        0x0
 .v4_bx         0x00000000        0x0 linker stubs

.iplt           0x08003618        0x0
 .iplt          0x00000000        0x0 ./system/src/stm32f1xx/stm32f1xx_hal.o

.rel.dyn        0x08003618        0x0
 .rel.iplt      0x00000000        0x0 ./system/src/stm32f1xx/stm32f1xx_hal.o

.ARM.extab
 *(.ARM.extab* .gnu.linkonce.armextab.*)
                0x08003618                . = ALIGN (0x4)
                0x08003618                __exidx_start = .

.ARM.exidx
 *(.ARM.exidx* .gnu.linkonce.armexidx.*)
                0x08003618                __exidx_end = .
                0x08003618                . = ALIGN (0x4)
                0x08003618                _etext = .
                0x08003618                __etext = .

.data_CCMRAM    0x10000000        0x0 load address 0x08003618
 FILL mask 0xff
 *(.data.CCMRAM .data.CCMRAM.*)
                0x10000000                . = ALIGN (0x4)
                0x08003618                _sidata = LOADADDR (.data)

.data           0x20000000       0x7c load address 0x08003618
 FILL mask 0xff
                0x20000000                _sdata = .
                0x20000000                __data_start__ = .
 *(.data_begin .data_begin.*)
 .data_begin    0x20000000        0x4 ./system/src/newlib/_startup.o
 *(.data .data.*)
 .data.argv.4015
                0x20000004        0x8 ./system/src/newlib/_syscalls.o
 .data.SystemCoreClock
                0x2000000c        0x4 ./system/src/cmsis/system_stm32f1xx.o
                0x2000000c                SystemCoreClock
 .data.uxCriticalNesting
                0x20000010        0x4 ./Middlewares/Third_Party/FreeRTOS/Source/portable/GCC/ARM_CM3/port.o
 .data.impure_data
                0x20000014       0x60 c:/stm32toolchain/gnu-arm/4.8-2014q3/bin/../lib/gcc/arm-none-eabi/4.8.4/../../../../arm-none-eabi/lib/armv7-m\libg_s.a(lib_a-impure.o)
 .data._impure_ptr
                0x20000074        0x4 c:/stm32toolchain/gnu-arm/4.8-2014q3/bin/../lib/gcc/arm-none-eabi/4.8.4/../../../../arm-none-eabi/lib/armv7-m\libg_s.a(lib_a-impure.o)
                0x20000074                _impure_ptr
 *(.data_end .data_end.*)
 .data_end      0x20000078        0x4 ./system/src/newlib/_startup.o
                0x2000007c                . = ALIGN (0x4)
                0x2000007c                _edata = .
                0x2000007c                __data_end__ = .

.igot.plt       0x2000007c        0x0 load address 0x08003694
 .igot.plt      0x00000000        0x0 ./system/src/stm32f1xx/stm32f1xx_hal.o

.bss_CCMRAM     0x10000000        0x0
 *(.bss.CCMRAM .bss.CCMRAM.*)

.bss            0x2000007c      0xfa0
                0x2000007c                __bss_start__ = .
                0x2000007c                _sbss = .
 *(.bss_begin .bss_begin.*)
 .bss_begin     0x2000007c        0x4 ./system/src/newlib/_startup.o
 *(.bss .bss.*)
 .bss.uwTick    0x20000080        0x4 ./system/src/stm32f1xx/stm32f1xx_hal.o
 .bss.uCRCErrorWorkaroundCheck
                0x20000084        0x1 ./system/src/stm32f1xx/stm32f1xx_hal_spi_ex.o
                0x20000084                uCRCErrorWorkaroundCheck
 *fill*         0x20000085        0x3 
 .bss.current_heap_end.3842
                0x20000088        0x4 ./system/src/newlib/_sbrk.o
 .bss.name.4014
                0x2000008c        0x4 ./system/src/newlib/_syscalls.o
 .bss.buf.4905  0x20000090       0x80 ./system/src/diag/Trace.o
 .bss.RxMessage.6748
                0x20000110       0x24 ./src/main.o
 .bss.TxMessage.6747
                0x20000134       0x1c ./src/main.o
 .bss.xFreeBytesRemaining
                0x20000150        0x4 ./Middlewares/Third_Party/FreeRTOS/Source/portable/MemMang/heap_4.o
 .bss.pxEnd     0x20000154        0x4 ./Middlewares/Third_Party/FreeRTOS/Source/portable/MemMang/heap_4.o
 .bss.xStart    0x20000158        0x8 ./Middlewares/Third_Party/FreeRTOS/Source/portable/MemMang/heap_4.o
 .bss.ucHeap    0x20000160      0xc00 ./Middlewares/Third_Party/FreeRTOS/Source/portable/MemMang/heap_4.o
 .bss.xBlockAllocatedBit
                0x20000d60        0x4 ./Middlewares/Third_Party/FreeRTOS/Source/portable/MemMang/heap_4.o
 .bss.xMinimumEverFreeBytesRemaining
                0x20000d64        0x4 ./Middlewares/Third_Party/FreeRTOS/Source/portable/MemMang/heap_4.o
 .bss.ucMaxSysCallPriority
                0x20000d68        0x1 ./Middlewares/Third_Party/FreeRTOS/Source/portable/GCC/ARM_CM3/port.o
 *fill*         0x20000d69        0x3 
 .bss.ulMaxPRIGROUPValue
                0x20000d6c        0x4 ./Middlewares/Third_Party/FreeRTOS/Source/portable/GCC/ARM_CM3/port.o
 .bss.pxDelayedTaskList
                0x20000d70        0x4 ./Middlewares/Third_Party/FreeRTOS/Source/tasks.o
 .bss.xSchedulerRunning
                0x20000d74        0x4 ./Middlewares/Third_Party/FreeRTOS/Source/tasks.o
 .bss.uxTasksDeleted
                0x20000d78        0x4 ./Middlewares/Third_Party/FreeRTOS/Source/tasks.o
 .bss.xTasksWaitingTermination
                0x20000d7c       0x14 ./Middlewares/Third_Party/FreeRTOS/Source/tasks.o
 .bss.uxPendedTicks
                0x20000d90        0x4 ./Middlewares/Third_Party/FreeRTOS/Source/tasks.o
 .bss.pxReadyTasksLists
                0x20000d94       0x8c ./Middlewares/Third_Party/FreeRTOS/Source/tasks.o
 .bss.uxSchedulerSuspended
                0x20000e20        0x4 ./Middlewares/Third_Party/FreeRTOS/Source/tasks.o
 .bss.uxCurrentNumberOfTasks
                0x20000e24        0x4 ./Middlewares/Third_Party/FreeRTOS/Source/tasks.o
 .bss.pxCurrentTCB
                0x20000e28        0x4 ./Middlewares/Third_Party/FreeRTOS/Source/tasks.o
                0x20000e28                pxCurrentTCB
 .bss.xNextTaskUnblockTime
                0x20000e2c        0x4 ./Middlewares/Third_Party/FreeRTOS/Source/tasks.o
 .bss.xNumOfOverflows
                0x20000e30        0x4 ./Middlewares/Third_Party/FreeRTOS/Source/tasks.o
 .bss.xTickCount
                0x20000e34        0x4 ./Middlewares/Third_Party/FreeRTOS/Source/tasks.o
 .bss.pxOverflowDelayedTaskList
                0x20000e38        0x4 ./Middlewares/Third_Party/FreeRTOS/Source/tasks.o
 .bss.xPendingReadyList
                0x20000e3c       0x14 ./Middlewares/Third_Party/FreeRTOS/Source/tasks.o
 .bss.uxTaskNumber
                0x20000e50        0x4 ./Middlewares/Third_Party/FreeRTOS/Source/tasks.o
 .bss.xDelayedTaskList1
                0x20000e54       0x14 ./Middlewares/Third_Party/FreeRTOS/Source/tasks.o
 .bss.xDelayedTaskList2
                0x20000e68       0x14 ./Middlewares/Third_Party/FreeRTOS/Source/tasks.o
 .bss.xSuspendedTaskList
                0x20000e7c       0x14 ./Middlewares/Third_Party/FreeRTOS/Source/tasks.o
 .bss.uxTopReadyPriority
                0x20000e90        0x4 ./Middlewares/Third_Party/FreeRTOS/Source/tasks.o
 .bss.xYieldPending
                0x20000e94        0x4 ./Middlewares/Third_Party/FreeRTOS/Source/tasks.o
 .bss.__malloc_sbrk_start
                0x20000e98        0x4 c:/stm32toolchain/gnu-arm/4.8-2014q3/bin/../lib/gcc/arm-none-eabi/4.8.4/../../../../arm-none-eabi/lib/armv7-m\libg_s.a(lib_a-nano-mallocr.o)
                0x20000e98                __malloc_sbrk_start
 .bss.__malloc_free_list
                0x20000e9c        0x4 c:/stm32toolchain/gnu-arm/4.8-2014q3/bin/../lib/gcc/arm-none-eabi/4.8.4/../../../../arm-none-eabi/lib/armv7-m\libg_s.a(lib_a-nano-mallocr.o)
                0x20000e9c                __malloc_free_list
 *(COMMON)
 COMMON         0x20000ea0        0x4 ./system/src/newlib/_syscalls.o
                0x20000ea0                errno
 COMMON         0x20000ea4      0x174 ./src/main.o
                0x20000ea4                defaultTaskHandle
                0x20000ea8                hspi2
                0x20000f00                hcan
                0x20000f40                huart1
                0x20000f80                hspi1
                0x20000fd8                huart2
 *(.bss_end .bss_end.*)
 .bss_end       0x20001018        0x4 ./system/src/newlib/_startup.o
                0x2000101c                . = ALIGN (0x4)
                0x2000101c                __bss_end__ = .
                0x2000101c                _ebss = .

.noinit_CCMRAM
 *(.noinit.CCMRAM .noinit.CCMRAM.*)

.noinit         0x2000101c        0x0
                0x2000101c                _noinit = .
 *(.noinit .noinit.*)
                0x2000101c                . = ALIGN (0x4)
                0x2000101c                _end_noinit = .
                0x2000101c                PROVIDE (end, _end_noinit)
                0x2000101c                PROVIDE (_end, _end_noinit)
                0x2000101c                PROVIDE (__end, _end_noinit)
                0x2000101c                PROVIDE (__end__, _end_noinit)

._check_stack   0x2000101c      0x100
                0x2000111c                . = (. + _Minimum_Stack_Size)
 *fill*         0x2000101c      0x100 

.b1text
 *(.b1text)
 *(.b1rodata)
 *(.b1rodata.*)

.eb0text
 *(.eb0text)
 *(.eb0rodata)
 *(.eb0rodata.*)

.eb1text
 *(.eb1text)
 *(.eb1rodata)
 *(.eb1rodata.*)

.eb2text
 *(.eb2text)
 *(.eb2rodata)
 *(.eb2rodata.*)

.eb3text
 *(.eb3text)
 *(.eb3rodata)
 *(.eb3rodata.*)

.stab
 *(.stab)

.stabstr
 *(.stabstr)

.stab.excl
 *(.stab.excl)

.stab.exclstr
 *(.stab.exclstr)

.stab.index
 *(.stab.index)

.stab.indexstr
 *(.stab.indexstr)

.comment        0x00000000       0x70
 *(.comment)
 .comment       0x00000000       0x70 ./system/src/stm32f1xx/stm32f1xx_hal.o
                                 0x71 (size before relaxing)
 .comment       0x00000000       0x71 ./system/src/stm32f1xx/stm32f1xx_hal_can.o
 .comment       0x00000000       0x71 ./system/src/stm32f1xx/stm32f1xx_hal_cortex.o
 .comment       0x00000000       0x71 ./system/src/stm32f1xx/stm32f1xx_hal_gpio.o
 .comment       0x00000000       0x71 ./system/src/stm32f1xx/stm32f1xx_hal_rcc.o
 .comment       0x00000000       0x71 ./system/src/stm32f1xx/stm32f1xx_hal_spi_ex.o
 .comment       0x00000000       0x71 ./system/src/stm32f1xx/stm32f1xx_hal_uart.o
 .comment       0x00000000       0x71 ./system/src/newlib/_exit.o
 .comment       0x00000000       0x71 ./system/src/newlib/_sbrk.o
 .comment       0x00000000       0x71 ./system/src/newlib/_startup.o
 .comment       0x00000000       0x71 ./system/src/newlib/_syscalls.o
 .comment       0x00000000       0x71 ./system/src/diag/Trace.o
 .comment       0x00000000       0x71 ./system/src/diag/trace_impl.o
 .comment       0x00000000       0x71 ./system/src/cortexm/_initialize_hardware.o
 .comment       0x00000000       0x71 ./system/src/cortexm/exception_handlers.o
 .comment       0x00000000       0x71 ./system/src/cmsis/system_stm32f1xx.o
 .comment       0x00000000       0x71 ./src/main.o
 .comment       0x00000000       0x71 ./src/stm32f1xx_hal_msp.o
 .comment       0x00000000       0x71 ./src/stm32f1xx_it.o
 .comment       0x00000000       0x71 ./Middlewares/Third_Party/FreeRTOS/Source/portable/MemMang/heap_4.o
 .comment       0x00000000       0x71 ./Middlewares/Third_Party/FreeRTOS/Source/portable/GCC/ARM_CM3/port.o
 .comment       0x00000000       0x71 ./Middlewares/Third_Party/FreeRTOS/Source/CMSIS_RTOS/cmsis_os.o
 .comment       0x00000000       0x71 ./Middlewares/Third_Party/FreeRTOS/Source/list.o
 .comment       0x00000000       0x71 ./Middlewares/Third_Party/FreeRTOS/Source/tasks.o

.ARM.attributes
                0x00000000       0x31
 .ARM.attributes
                0x00000000       0x33 ./system/src/stm32f1xx/stm32f1xx_hal.o
 .ARM.attributes
                0x00000033       0x33 ./system/src/stm32f1xx/stm32f1xx_hal_can.o
 .ARM.attributes
                0x00000066       0x33 ./system/src/stm32f1xx/stm32f1xx_hal_cortex.o
 .ARM.attributes
                0x00000099       0x33 ./system/src/stm32f1xx/stm32f1xx_hal_gpio.o
 .ARM.attributes
                0x000000cc       0x33 ./system/src/stm32f1xx/stm32f1xx_hal_rcc.o
 .ARM.attributes
                0x000000ff       0x33 ./system/src/stm32f1xx/stm32f1xx_hal_spi_ex.o
 .ARM.attributes
                0x00000132       0x33 ./system/src/stm32f1xx/stm32f1xx_hal_uart.o
 .ARM.attributes
                0x00000165       0x33 ./system/src/newlib/_exit.o
 .ARM.attributes
                0x00000198       0x33 ./system/src/newlib/_sbrk.o
 .ARM.attributes
                0x000001cb       0x33 ./system/src/newlib/_startup.o
 .ARM.attributes
                0x000001fe       0x33 ./system/src/newlib/_syscalls.o
 .ARM.attributes
                0x00000231       0x33 ./system/src/diag/Trace.o
 .ARM.attributes
                0x00000264       0x33 ./system/src/diag/trace_impl.o
 .ARM.attributes
                0x00000297       0x33 ./system/src/cortexm/_initialize_hardware.o
 .ARM.attributes
                0x000002ca       0x33 ./system/src/cortexm/exception_handlers.o
 .ARM.attributes
                0x000002fd       0x21 ./system/src/cmsis/startup_stm32f103xb.o
 .ARM.attributes
                0x0000031e       0x33 ./system/src/cmsis/system_stm32f1xx.o
 .ARM.attributes
                0x00000351       0x33 ./src/main.o
 .ARM.attributes
                0x00000384       0x33 ./src/stm32f1xx_hal_msp.o
 .ARM.attributes
                0x000003b7       0x33 ./src/stm32f1xx_it.o
 .ARM.attributes
                0x000003ea       0x33 ./Middlewares/Third_Party/FreeRTOS/Source/portable/MemMang/heap_4.o
 .ARM.attributes
                0x0000041d       0x33 ./Middlewares/Third_Party/FreeRTOS/Source/portable/GCC/ARM_CM3/port.o
 .ARM.attributes
                0x00000450       0x33 ./Middlewares/Third_Party/FreeRTOS/Source/CMSIS_RTOS/cmsis_os.o
 .ARM.attributes
                0x00000483       0x33 ./Middlewares/Third_Party/FreeRTOS/Source/list.o
 .ARM.attributes
                0x000004b6       0x33 ./Middlewares/Third_Party/FreeRTOS/Source/tasks.o
 .ARM.attributes
                0x000004e9       0x2d c:/stm32toolchain/gnu-arm/4.8-2014q3/bin/../lib/gcc/arm-none-eabi/4.8.4/../../../../arm-none-eabi/lib/armv7-m\libg_s.a(lib_a-errno.o)
 .ARM.attributes
                0x00000516       0x2d c:/stm32toolchain/gnu-arm/4.8-2014q3/bin/../lib/gcc/arm-none-eabi/4.8.4/../../../../arm-none-eabi/lib/armv7-m\libg_s.a(lib_a-impure.o)
 .ARM.attributes
                0x00000543       0x2d c:/stm32toolchain/gnu-arm/4.8-2014q3/bin/../lib/gcc/arm-none-eabi/4.8.4/../../../../arm-none-eabi/lib/armv7-m\libg_s.a(lib_a-memcpy-stub.o)
 .ARM.attributes
                0x00000570       0x2d c:/stm32toolchain/gnu-arm/4.8-2014q3/bin/../lib/gcc/arm-none-eabi/4.8.4/../../../../arm-none-eabi/lib/armv7-m\libg_s.a(lib_a-sprintf.o)
 .ARM.attributes
                0x0000059d       0x2d c:/stm32toolchain/gnu-arm/4.8-2014q3/bin/../lib/gcc/arm-none-eabi/4.8.4/../../../../arm-none-eabi/lib/armv7-m\libg_s.a(lib_a-strlen.o)
 .ARM.attributes
                0x000005ca       0x2d c:/stm32toolchain/gnu-arm/4.8-2014q3/bin/../lib/gcc/arm-none-eabi/4.8.4/../../../../arm-none-eabi/lib/armv7-m\libg_s.a(lib_a-svfprintf.o)
 .ARM.attributes
                0x000005f7       0x2d c:/stm32toolchain/gnu-arm/4.8-2014q3/bin/../lib/gcc/arm-none-eabi/4.8.4/../../../../arm-none-eabi/lib/armv7-m\libg_s.a(lib_a-vfprintf_i.o)
 .ARM.attributes
                0x00000624       0x2d c:/stm32toolchain/gnu-arm/4.8-2014q3/bin/../lib/gcc/arm-none-eabi/4.8.4/../../../../arm-none-eabi/lib/armv7-m\libg_s.a(lib_a-vsnprintf.o)
 .ARM.attributes
                0x00000651       0x2d c:/stm32toolchain/gnu-arm/4.8-2014q3/bin/../lib/gcc/arm-none-eabi/4.8.4/../../../../arm-none-eabi/lib/armv7-m\libg_s.a(lib_a-memchr-stub.o)
 .ARM.attributes
                0x0000067e       0x2d c:/stm32toolchain/gnu-arm/4.8-2014q3/bin/../lib/gcc/arm-none-eabi/4.8.4/../../../../arm-none-eabi/lib/armv7-m\libg_s.a(lib_a-memmove.o)
 .ARM.attributes
                0x000006ab       0x2d c:/stm32toolchain/gnu-arm/4.8-2014q3/bin/../lib/gcc/arm-none-eabi/4.8.4/../../../../arm-none-eabi/lib/armv7-m\libg_s.a(lib_a-nano-freer.o)
 .ARM.attributes
                0x000006d8       0x2d c:/stm32toolchain/gnu-arm/4.8-2014q3/bin/../lib/gcc/arm-none-eabi/4.8.4/../../../../arm-none-eabi/lib/armv7-m\libg_s.a(lib_a-nano-mallocr.o)
 .ARM.attributes
                0x00000705       0x2d c:/stm32toolchain/gnu-arm/4.8-2014q3/bin/../lib/gcc/arm-none-eabi/4.8.4/../../../../arm-none-eabi/lib/armv7-m\libg_s.a(lib_a-nano-reallocr.o)
 .ARM.attributes
                0x00000732       0x2d c:/stm32toolchain/gnu-arm/4.8-2014q3/bin/../lib/gcc/arm-none-eabi/4.8.4/../../../../arm-none-eabi/lib/armv7-m\libg_s.a(lib_a-sbrkr.o)
 .ARM.attributes
                0x0000075f       0x2d c:/stm32toolchain/gnu-arm/4.8-2014q3/bin/../lib/gcc/arm-none-eabi/4.8.4/../../../../arm-none-eabi/lib/armv7-m\libg_s.a(lib_a-nano-msizer.o)

.debug
 *(.debug)

.line
 *(.line)

.debug_srcinfo
 *(.debug_srcinfo)

.debug_sfnames
 *(.debug_sfnames)

.debug_aranges  0x00000000      0xbd0
 *(.debug_aranges)
 .debug_aranges
                0x00000000       0xb0 ./system/src/stm32f1xx/stm32f1xx_hal.o
 .debug_aranges
                0x000000b0       0xb0 ./system/src/stm32f1xx/stm32f1xx_hal_can.o
 .debug_aranges
                0x00000160       0x90 ./system/src/stm32f1xx/stm32f1xx_hal_cortex.o
 .debug_aranges
                0x000001f0       0x58 ./system/src/stm32f1xx/stm32f1xx_hal_gpio.o
 .debug_aranges
                0x00000248       0x88 ./system/src/stm32f1xx/stm32f1xx_hal_rcc.o
 .debug_aranges
                0x000002d0       0x28 ./system/src/stm32f1xx/stm32f1xx_hal_spi_ex.o
 .debug_aranges
                0x000002f8      0x150 ./system/src/stm32f1xx/stm32f1xx_hal_uart.o
 .debug_aranges
                0x00000448       0x28 ./system/src/newlib/_exit.o
 .debug_aranges
                0x00000470       0x20 ./system/src/newlib/_sbrk.o
 .debug_aranges
                0x00000490       0x40 ./system/src/newlib/_startup.o
 .debug_aranges
                0x000004d0       0x30 ./system/src/newlib/_syscalls.o
 .debug_aranges
                0x00000500       0x38 ./system/src/diag/Trace.o
 .debug_aranges
                0x00000538       0x28 ./system/src/diag/trace_impl.o
 .debug_aranges
                0x00000560       0x28 ./system/src/cortexm/_initialize_hardware.o
 .debug_aranges
                0x00000588       0x88 ./system/src/cortexm/exception_handlers.o
 .debug_aranges
                0x00000610       0x28 ./system/src/cmsis/startup_stm32f103xb.o
 .debug_aranges
                0x00000638       0x28 ./system/src/cmsis/system_stm32f1xx.o
 .debug_aranges
                0x00000660       0x78 ./src/main.o
 .debug_aranges
                0x000006d8       0x50 ./src/stm32f1xx_hal_msp.o
 .debug_aranges
                0x00000728       0x50 ./src/stm32f1xx_it.o
 .debug_aranges
                0x00000778       0x50 ./Middlewares/Third_Party/FreeRTOS/Source/portable/MemMang/heap_4.o
 .debug_aranges
                0x000007c8       0x90 ./Middlewares/Third_Party/FreeRTOS/Source/portable/GCC/ARM_CM3/port.o
 .debug_aranges
                0x00000858      0x1b0 ./Middlewares/Third_Party/FreeRTOS/Source/CMSIS_RTOS/cmsis_os.o
 .debug_aranges
                0x00000a08       0x40 ./Middlewares/Third_Party/FreeRTOS/Source/list.o
 .debug_aranges
                0x00000a48      0x188 ./Middlewares/Third_Party/FreeRTOS/Source/tasks.o

.debug_pubnames
 *(.debug_pubnames)

.debug_info     0x00000000     0xda4c
 *(.debug_info .gnu.linkonce.wi.*)
 .debug_info    0x00000000      0x6a5 ./system/src/stm32f1xx/stm32f1xx_hal.o
 .debug_info    0x000006a5      0xb67 ./system/src/stm32f1xx/stm32f1xx_hal_can.o
 .debug_info    0x0000120c      0xbff ./system/src/stm32f1xx/stm32f1xx_hal_cortex.o
 .debug_info    0x00001e0b      0x5db ./system/src/stm32f1xx/stm32f1xx_hal_gpio.o
 .debug_info    0x000023e6     0x1317 ./system/src/stm32f1xx/stm32f1xx_hal_rcc.o
 .debug_info    0x000036fd      0x573 ./system/src/stm32f1xx/stm32f1xx_hal_spi_ex.o
 .debug_info    0x00003c70     0x10ce ./system/src/stm32f1xx/stm32f1xx_hal_uart.o
 .debug_info    0x00004d3e      0x100 ./system/src/newlib/_exit.o
 .debug_info    0x00004e3e      0x125 ./system/src/newlib/_sbrk.o
 .debug_info    0x00004f63      0x475 ./system/src/newlib/_startup.o
 .debug_info    0x000053d8      0x1bc ./system/src/newlib/_syscalls.o
 .debug_info    0x00005594      0x32b ./system/src/diag/Trace.o
 .debug_info    0x000058bf      0x114 ./system/src/diag/trace_impl.o
 .debug_info    0x000059d3      0x294 ./system/src/cortexm/_initialize_hardware.o
 .debug_info    0x00005c67      0x796 ./system/src/cortexm/exception_handlers.o
 .debug_info    0x000063fd       0x78 ./system/src/cmsis/startup_stm32f103xb.o
 .debug_info    0x00006475      0x39e ./system/src/cmsis/system_stm32f1xx.o
 .debug_info    0x00006813     0x1b7e ./src/main.o
 .debug_info    0x00008391     0x125f ./src/stm32f1xx_hal_msp.o
 .debug_info    0x000095f0      0x13f ./src/stm32f1xx_it.o
 .debug_info    0x0000972f      0x39f ./Middlewares/Third_Party/FreeRTOS/Source/portable/MemMang/heap_4.o
 .debug_info    0x00009ace      0x3d7 ./Middlewares/Third_Party/FreeRTOS/Source/portable/GCC/ARM_CM3/port.o
 .debug_info    0x00009ea5     0x1b9c ./Middlewares/Third_Party/FreeRTOS/Source/CMSIS_RTOS/cmsis_os.o
 .debug_info    0x0000ba41      0x29a ./Middlewares/Third_Party/FreeRTOS/Source/list.o
 .debug_info    0x0000bcdb     0x1d71 ./Middlewares/Third_Party/FreeRTOS/Source/tasks.o

.debug_abbrev   0x00000000     0x29b7
 *(.debug_abbrev)
 .debug_abbrev  0x00000000      0x258 ./system/src/stm32f1xx/stm32f1xx_hal.o
 .debug_abbrev  0x00000258      0x206 ./system/src/stm32f1xx/stm32f1xx_hal_can.o
 .debug_abbrev  0x0000045e      0x28e ./system/src/stm32f1xx/stm32f1xx_hal_cortex.o
 .debug_abbrev  0x000006ec      0x1cb ./system/src/stm32f1xx/stm32f1xx_hal_gpio.o
 .debug_abbrev  0x000008b7      0x2d8 ./system/src/stm32f1xx/stm32f1xx_hal_rcc.o
 .debug_abbrev  0x00000b8f      0x15e ./system/src/stm32f1xx/stm32f1xx_hal_spi_ex.o
 .debug_abbrev  0x00000ced      0x250 ./system/src/stm32f1xx/stm32f1xx_hal_uart.o
 .debug_abbrev  0x00000f3d       0xa4 ./system/src/newlib/_exit.o
 .debug_abbrev  0x00000fe1       0xbb ./system/src/newlib/_sbrk.o
 .debug_abbrev  0x0000109c      0x1e9 ./system/src/newlib/_startup.o
 .debug_abbrev  0x00001285       0xee ./system/src/newlib/_syscalls.o
 .debug_abbrev  0x00001373      0x178 ./system/src/diag/Trace.o
 .debug_abbrev  0x000014eb       0xb4 ./system/src/diag/trace_impl.o
 .debug_abbrev  0x0000159f       0xea ./system/src/cortexm/_initialize_hardware.o
 .debug_abbrev  0x00001689      0x1d6 ./system/src/cortexm/exception_handlers.o
 .debug_abbrev  0x0000185f       0x12 ./system/src/cmsis/startup_stm32f103xb.o
 .debug_abbrev  0x00001871      0x123 ./system/src/cmsis/system_stm32f1xx.o
 .debug_abbrev  0x00001994      0x2df ./src/main.o
 .debug_abbrev  0x00001c73      0x1fa ./src/stm32f1xx_hal_msp.o
 .debug_abbrev  0x00001e6d       0xa0 ./src/stm32f1xx_it.o
 .debug_abbrev  0x00001f0d      0x1d4 ./Middlewares/Third_Party/FreeRTOS/Source/portable/MemMang/heap_4.o
 .debug_abbrev  0x000020e1      0x1fb ./Middlewares/Third_Party/FreeRTOS/Source/portable/GCC/ARM_CM3/port.o
 .debug_abbrev  0x000022dc      0x32c ./Middlewares/Third_Party/FreeRTOS/Source/CMSIS_RTOS/cmsis_os.o
 .debug_abbrev  0x00002608       0xdf ./Middlewares/Third_Party/FreeRTOS/Source/list.o
 .debug_abbrev  0x000026e7      0x2d0 ./Middlewares/Third_Party/FreeRTOS/Source/tasks.o

.debug_line     0x00000000     0x83a4
 *(.debug_line)
 .debug_line    0x00000000      0x644 ./system/src/stm32f1xx/stm32f1xx_hal.o
 .debug_line    0x00000644      0x8dd ./system/src/stm32f1xx/stm32f1xx_hal_can.o
 .debug_line    0x00000f21      0x681 ./system/src/stm32f1xx/stm32f1xx_hal_cortex.o
 .debug_line    0x000015a2      0x656 ./system/src/stm32f1xx/stm32f1xx_hal_gpio.o
 .debug_line    0x00001bf8      0xa78 ./system/src/stm32f1xx/stm32f1xx_hal_rcc.o
 .debug_line    0x00002670      0x522 ./system/src/stm32f1xx/stm32f1xx_hal_spi_ex.o
 .debug_line    0x00002b92      0xb55 ./system/src/stm32f1xx/stm32f1xx_hal_uart.o
 .debug_line    0x000036e7      0x263 ./system/src/newlib/_exit.o
 .debug_line    0x0000394a      0x214 ./system/src/newlib/_sbrk.o
 .debug_line    0x00003b5e      0x2d2 ./system/src/newlib/_startup.o
 .debug_line    0x00003e30      0x303 ./system/src/newlib/_syscalls.o
 .debug_line    0x00004133      0x31a ./system/src/diag/Trace.o
 .debug_line    0x0000444d      0x313 ./system/src/diag/trace_impl.o
 .debug_line    0x00004760      0x193 ./system/src/cortexm/_initialize_hardware.o
 .debug_line    0x000048f3      0x44f ./system/src/cortexm/exception_handlers.o
 .debug_line    0x00004d42       0x86 ./system/src/cmsis/startup_stm32f103xb.o
 .debug_line    0x00004dc8      0x19b ./system/src/cmsis/system_stm32f1xx.o
 .debug_line    0x00004f63      0x792 ./src/main.o
 .debug_line    0x000056f5      0x58f ./src/stm32f1xx_hal_msp.o
 .debug_line    0x00005c84      0x6cd ./src/stm32f1xx_it.o
 .debug_line    0x00006351      0x45a ./Middlewares/Third_Party/FreeRTOS/Source/portable/MemMang/heap_4.o
 .debug_line    0x000067ab      0x318 ./Middlewares/Third_Party/FreeRTOS/Source/portable/GCC/ARM_CM3/port.o
 .debug_line    0x00006ac3      0x987 ./Middlewares/Third_Party/FreeRTOS/Source/CMSIS_RTOS/cmsis_os.o
 .debug_line    0x0000744a      0x3ac ./Middlewares/Third_Party/FreeRTOS/Source/list.o
 .debug_line    0x000077f6      0xbae ./Middlewares/Third_Party/FreeRTOS/Source/tasks.o

.debug_frame    0x00000000     0x1ea0
 *(.debug_frame)
 .debug_frame   0x00000000      0x164 ./system/src/stm32f1xx/stm32f1xx_hal.o
 .debug_frame   0x00000164      0x1c4 ./system/src/stm32f1xx/stm32f1xx_hal_can.o
 .debug_frame   0x00000328      0x11c ./system/src/stm32f1xx/stm32f1xx_hal_cortex.o
 .debug_frame   0x00000444       0xb8 ./system/src/stm32f1xx/stm32f1xx_hal_gpio.o
 .debug_frame   0x000004fc      0x140 ./system/src/stm32f1xx/stm32f1xx_hal_rcc.o
 .debug_frame   0x0000063c       0x38 ./system/src/stm32f1xx/stm32f1xx_hal_spi_ex.o
 .debug_frame   0x00000674      0x354 ./system/src/stm32f1xx/stm32f1xx_hal_uart.o
 .debug_frame   0x000009c8       0x38 ./system/src/newlib/_exit.o
 .debug_frame   0x00000a00       0x28 ./system/src/newlib/_sbrk.o
 .debug_frame   0x00000a28       0x7c ./system/src/newlib/_startup.o
 .debug_frame   0x00000aa4       0x50 ./system/src/newlib/_syscalls.o
 .debug_frame   0x00000af4       0x80 ./system/src/diag/Trace.o
 .debug_frame   0x00000b74       0x30 ./system/src/diag/trace_impl.o
 .debug_frame   0x00000ba4       0x40 ./system/src/cortexm/_initialize_hardware.o
 .debug_frame   0x00000be4      0x144 ./system/src/cortexm/exception_handlers.o
 .debug_frame   0x00000d28       0x30 ./system/src/cmsis/system_stm32f1xx.o
 .debug_frame   0x00000d58      0x140 ./src/main.o
 .debug_frame   0x00000e98       0xc4 ./src/stm32f1xx_hal_msp.o
 .debug_frame   0x00000f5c       0x88 ./src/stm32f1xx_it.o
 .debug_frame   0x00000fe4       0xa0 ./Middlewares/Third_Party/FreeRTOS/Source/portable/MemMang/heap_4.o
 .debug_frame   0x00001084      0x138 ./Middlewares/Third_Party/FreeRTOS/Source/portable/GCC/ARM_CM3/port.o
 .debug_frame   0x000011bc      0x4c0 ./Middlewares/Third_Party/FreeRTOS/Source/CMSIS_RTOS/cmsis_os.o
 .debug_frame   0x0000167c       0x68 ./Middlewares/Third_Party/FreeRTOS/Source/list.o
 .debug_frame   0x000016e4      0x4a0 ./Middlewares/Third_Party/FreeRTOS/Source/tasks.o
 .debug_frame   0x00001b84       0x20 c:/stm32toolchain/gnu-arm/4.8-2014q3/bin/../lib/gcc/arm-none-eabi/4.8.4/../../../../arm-none-eabi/lib/armv7-m\libg_s.a(lib_a-errno.o)
 .debug_frame   0x00001ba4       0x28 c:/stm32toolchain/gnu-arm/4.8-2014q3/bin/../lib/gcc/arm-none-eabi/4.8.4/../../../../arm-none-eabi/lib/armv7-m\libg_s.a(lib_a-memcpy-stub.o)
 .debug_frame   0x00001bcc       0x58 c:/stm32toolchain/gnu-arm/4.8-2014q3/bin/../lib/gcc/arm-none-eabi/4.8.4/../../../../arm-none-eabi/lib/armv7-m\libg_s.a(lib_a-sprintf.o)
 .debug_frame   0x00001c24       0x20 c:/stm32toolchain/gnu-arm/4.8-2014q3/bin/../lib/gcc/arm-none-eabi/4.8.4/../../../../arm-none-eabi/lib/armv7-m\libg_s.a(lib_a-strlen.o)
 .debug_frame   0x00001c44       0x88 c:/stm32toolchain/gnu-arm/4.8-2014q3/bin/../lib/gcc/arm-none-eabi/4.8.4/../../../../arm-none-eabi/lib/armv7-m\libg_s.a(lib_a-svfprintf.o)
 .debug_frame   0x00001ccc       0x60 c:/stm32toolchain/gnu-arm/4.8-2014q3/bin/../lib/gcc/arm-none-eabi/4.8.4/../../../../arm-none-eabi/lib/armv7-m\libg_s.a(lib_a-vfprintf_i.o)
 .debug_frame   0x00001d2c       0x4c c:/stm32toolchain/gnu-arm/4.8-2014q3/bin/../lib/gcc/arm-none-eabi/4.8.4/../../../../arm-none-eabi/lib/armv7-m\libg_s.a(lib_a-vsnprintf.o)
 .debug_frame   0x00001d78       0x28 c:/stm32toolchain/gnu-arm/4.8-2014q3/bin/../lib/gcc/arm-none-eabi/4.8.4/../../../../arm-none-eabi/lib/armv7-m\libg_s.a(lib_a-memchr-stub.o)
 .debug_frame   0x00001da0       0x2c c:/stm32toolchain/gnu-arm/4.8-2014q3/bin/../lib/gcc/arm-none-eabi/4.8.4/../../../../arm-none-eabi/lib/armv7-m\libg_s.a(lib_a-memmove.o)
 .debug_frame   0x00001dcc       0x2c c:/stm32toolchain/gnu-arm/4.8-2014q3/bin/../lib/gcc/arm-none-eabi/4.8.4/../../../../arm-none-eabi/lib/armv7-m\libg_s.a(lib_a-nano-freer.o)
 .debug_frame   0x00001df8       0x2c c:/stm32toolchain/gnu-arm/4.8-2014q3/bin/../lib/gcc/arm-none-eabi/4.8.4/../../../../arm-none-eabi/lib/armv7-m\libg_s.a(lib_a-nano-mallocr.o)
 .debug_frame   0x00001e24       0x30 c:/stm32toolchain/gnu-arm/4.8-2014q3/bin/../lib/gcc/arm-none-eabi/4.8.4/../../../../arm-none-eabi/lib/armv7-m\libg_s.a(lib_a-nano-reallocr.o)
 .debug_frame   0x00001e54       0x2c c:/stm32toolchain/gnu-arm/4.8-2014q3/bin/../lib/gcc/arm-none-eabi/4.8.4/../../../../arm-none-eabi/lib/armv7-m\libg_s.a(lib_a-sbrkr.o)
 .debug_frame   0x00001e80       0x20 c:/stm32toolchain/gnu-arm/4.8-2014q3/bin/../lib/gcc/arm-none-eabi/4.8.4/../../../../arm-none-eabi/lib/armv7-m\libg_s.a(lib_a-nano-msizer.o)

.debug_str      0x00000000    0x92e99
 *(.debug_str)
 .debug_str     0x00000000    0x866fa ./system/src/stm32f1xx/stm32f1xx_hal.o
                              0x86b9e (size before relaxing)
 .debug_str     0x000866fa      0x5ce ./system/src/stm32f1xx/stm32f1xx_hal_can.o
                              0x86afa (size before relaxing)
 .debug_str     0x00086cc8      0x274 ./system/src/stm32f1xx/stm32f1xx_hal_cortex.o
                              0x86b88 (size before relaxing)
 .debug_str     0x00086f3c      0x452 ./system/src/stm32f1xx/stm32f1xx_hal_gpio.o
                              0x8696c (size before relaxing)
 .debug_str     0x0008738e      0x3d6 ./system/src/stm32f1xx/stm32f1xx_hal_rcc.o
                              0x869cd (size before relaxing)
 .debug_str     0x00087764      0x388 ./system/src/stm32f1xx/stm32f1xx_hal_spi_ex.o
                              0x868c0 (size before relaxing)
 .debug_str     0x00087aec      0x4f4 ./system/src/stm32f1xx/stm32f1xx_hal_uart.o
                              0x86c50 (size before relaxing)
 .debug_str     0x00087fe0      0xeeb ./system/src/newlib/_exit.o
                               0x4e93 (size before relaxing)
 .debug_str     0x00088ecb      0x366 ./system/src/newlib/_sbrk.o
                               0x4449 (size before relaxing)
 .debug_str     0x00089231      0x266 ./system/src/newlib/_startup.o
                               0x401f (size before relaxing)
 .debug_str     0x00089497      0xc3a ./system/src/newlib/_syscalls.o
                               0x50c5 (size before relaxing)
 .debug_str     0x0008a0d1     0x1013 ./system/src/diag/Trace.o
                               0x657a (size before relaxing)
 .debug_str     0x0008b0e4       0x42 ./system/src/diag/trace_impl.o
                              0x5b79a (size before relaxing)
 .debug_str     0x0008b126       0x5e ./system/src/cortexm/_initialize_hardware.o
                              0x59b50 (size before relaxing)
 .debug_str     0x0008b184      0x1ca ./system/src/cortexm/exception_handlers.o
                              0x5d471 (size before relaxing)
 .debug_str     0x0008b34e       0x4d ./system/src/cmsis/system_stm32f1xx.o
                              0x59bd0 (size before relaxing)
 .debug_str     0x0008b39b     0x5953 ./src/main.o
                              0x8cbd0 (size before relaxing)
 .debug_str     0x00090cee       0x2d ./src/stm32f1xx_hal_msp.o
                              0x86fe4 (size before relaxing)
 .debug_str     0x00090d1b       0x39 ./src/stm32f1xx_it.o
                              0x8bbdc (size before relaxing)
 .debug_str     0x00090d54      0x2f6 ./Middlewares/Third_Party/FreeRTOS/Source/portable/MemMang/heap_4.o
                               0x8022 (size before relaxing)
 .debug_str     0x0009104a      0x721 ./Middlewares/Third_Party/FreeRTOS/Source/portable/GCC/ARM_CM3/port.o
                               0x6fa1 (size before relaxing)
 .debug_str     0x0009176b      0x84f ./Middlewares/Third_Party/FreeRTOS/Source/CMSIS_RTOS/cmsis_os.o
                               0xb855 (size before relaxing)
 .debug_str     0x00091fba      0x13d ./Middlewares/Third_Party/FreeRTOS/Source/list.o
                               0x7737 (size before relaxing)
 .debug_str     0x000920f7      0xda2 ./Middlewares/Third_Party/FreeRTOS/Source/tasks.o
                               0xa5e7 (size before relaxing)

.debug_loc      0x00000000     0x5f9e
 *(.debug_loc)
 .debug_loc     0x00000000       0x7d ./system/src/stm32f1xx/stm32f1xx_hal.o
 .debug_loc     0x0000007d      0x60f ./system/src/stm32f1xx/stm32f1xx_hal_can.o
 .debug_loc     0x0000068c      0x501 ./system/src/stm32f1xx/stm32f1xx_hal_cortex.o
 .debug_loc     0x00000b8d      0x357 ./system/src/stm32f1xx/stm32f1xx_hal_gpio.o
 .debug_loc     0x00000ee4      0xde3 ./system/src/stm32f1xx/stm32f1xx_hal_rcc.o
 .debug_loc     0x00001cc7       0x63 ./system/src/stm32f1xx/stm32f1xx_hal_spi_ex.o
 .debug_loc     0x00001d2a      0xf53 ./system/src/stm32f1xx/stm32f1xx_hal_uart.o
 .debug_loc     0x00002c7d       0x6b ./system/src/newlib/_sbrk.o
 .debug_loc     0x00002ce8      0x265 ./system/src/newlib/_startup.o
 .debug_loc     0x00002f4d       0x63 ./system/src/newlib/_syscalls.o
 .debug_loc     0x00002fb0       0xf7 ./system/src/diag/Trace.o
 .debug_loc     0x000030a7       0x21 ./system/src/diag/trace_impl.o
 .debug_loc     0x000030c8      0x184 ./system/src/cortexm/exception_handlers.o
 .debug_loc     0x0000324c       0xe4 ./system/src/cmsis/system_stm32f1xx.o
 .debug_loc     0x00003330       0x8d ./src/main.o
 .debug_loc     0x000033bd      0x12a ./src/stm32f1xx_hal_msp.o
 .debug_loc     0x000034e7      0x288 ./Middlewares/Third_Party/FreeRTOS/Source/portable/MemMang/heap_4.o
 .debug_loc     0x0000376f       0xa6 ./Middlewares/Third_Party/FreeRTOS/Source/portable/GCC/ARM_CM3/port.o
 .debug_loc     0x00003815      0xeb8 ./Middlewares/Third_Party/FreeRTOS/Source/CMSIS_RTOS/cmsis_os.o
 .debug_loc     0x000046cd       0x65 ./Middlewares/Third_Party/FreeRTOS/Source/list.o
 .debug_loc     0x00004732     0x186c ./Middlewares/Third_Party/FreeRTOS/Source/tasks.o

.debug_macinfo
 *(.debug_macinfo)

.debug_weaknames
 *(.debug_weaknames)

.debug_funcnames
 *(.debug_funcnames)

.debug_typenames
 *(.debug_typenames)

.debug_varnames
 *(.debug_varnames)
OUTPUT(STM32CAN.elf elf32-littlearm)

.debug_ranges   0x00000000      0xa78
 .debug_ranges  0x00000000       0xa0 ./system/src/stm32f1xx/stm32f1xx_hal.o
 .debug_ranges  0x000000a0       0xa0 ./system/src/stm32f1xx/stm32f1xx_hal_can.o
 .debug_ranges  0x00000140       0x80 ./system/src/stm32f1xx/stm32f1xx_hal_cortex.o
 .debug_ranges  0x000001c0       0x48 ./system/src/stm32f1xx/stm32f1xx_hal_gpio.o
 .debug_ranges  0x00000208       0x78 ./system/src/stm32f1xx/stm32f1xx_hal_rcc.o
 .debug_ranges  0x00000280       0x18 ./system/src/stm32f1xx/stm32f1xx_hal_spi_ex.o
 .debug_ranges  0x00000298      0x140 ./system/src/stm32f1xx/stm32f1xx_hal_uart.o
 .debug_ranges  0x000003d8       0x18 ./system/src/newlib/_exit.o
 .debug_ranges  0x000003f0       0x10 ./system/src/newlib/_sbrk.o
 .debug_ranges  0x00000400       0x48 ./system/src/newlib/_startup.o
 .debug_ranges  0x00000448       0x20 ./system/src/newlib/_syscalls.o
 .debug_ranges  0x00000468       0x28 ./system/src/diag/Trace.o
 .debug_ranges  0x00000490       0x18 ./system/src/diag/trace_impl.o
 .debug_ranges  0x000004a8       0x18 ./system/src/cortexm/_initialize_hardware.o
 .debug_ranges  0x000004c0       0x78 ./system/src/cortexm/exception_handlers.o
 .debug_ranges  0x00000538       0x20 ./system/src/cmsis/startup_stm32f103xb.o
 .debug_ranges  0x00000558       0x18 ./system/src/cmsis/system_stm32f1xx.o
 .debug_ranges  0x00000570       0x68 ./src/main.o
 .debug_ranges  0x000005d8       0x40 ./src/stm32f1xx_hal_msp.o
 .debug_ranges  0x00000618       0x40 ./src/stm32f1xx_it.o
 .debug_ranges  0x00000658       0x40 ./Middlewares/Third_Party/FreeRTOS/Source/portable/MemMang/heap_4.o
 .debug_ranges  0x00000698       0x80 ./Middlewares/Third_Party/FreeRTOS/Source/portable/GCC/ARM_CM3/port.o
 .debug_ranges  0x00000718      0x1a0 ./Middlewares/Third_Party/FreeRTOS/Source/CMSIS_RTOS/cmsis_os.o
 .debug_ranges  0x000008b8       0x30 ./Middlewares/Third_Party/FreeRTOS/Source/list.o
 .debug_ranges  0x000008e8      0x190 ./Middlewares/Third_Party/FreeRTOS/Source/tasks.o

.debug_macro    0x00000000    0x1a80e
 .debug_macro   0x00000000      0x25b ./system/src/stm32f1xx/stm32f1xx_hal.o
 .debug_macro   0x0000025b      0x856 ./system/src/stm32f1xx/stm32f1xx_hal.o
 .debug_macro   0x00000ab1       0x10 ./system/src/stm32f1xx/stm32f1xx_hal.o
 .debug_macro   0x00000ac1      0x167 ./system/src/stm32f1xx/stm32f1xx_hal.o
 .debug_macro   0x00000c28       0x2e ./system/src/stm32f1xx/stm32f1xx_hal.o
 .debug_macro   0x00000c56       0x22 ./system/src/stm32f1xx/stm32f1xx_hal.o
 .debug_macro   0x00000c78      0x34e ./system/src/stm32f1xx/stm32f1xx_hal.o
 .debug_macro   0x00000fc6       0x34 ./system/src/stm32f1xx/stm32f1xx_hal.o
 .debug_macro   0x00000ffa       0x34 ./system/src/stm32f1xx/stm32f1xx_hal.o
 .debug_macro   0x0000102e      0xb8e ./system/src/stm32f1xx/stm32f1xx_hal.o
 .debug_macro   0x00001bbc     0xf2f7 ./system/src/stm32f1xx/stm32f1xx_hal.o
 .debug_macro   0x00010eb3       0x43 ./system/src/stm32f1xx/stm32f1xx_hal.o
 .debug_macro   0x00010ef6     0x3383 ./system/src/stm32f1xx/stm32f1xx_hal.o
 .debug_macro   0x00014279       0x58 ./system/src/stm32f1xx/stm32f1xx_hal.o
 .debug_macro   0x000142d1       0x16 ./system/src/stm32f1xx/stm32f1xx_hal.o
 .debug_macro   0x000142e7       0x35 ./system/src/stm32f1xx/stm32f1xx_hal.o
 .debug_macro   0x0001431c       0xa3 ./system/src/stm32f1xx/stm32f1xx_hal.o
 .debug_macro   0x000143bf       0x16 ./system/src/stm32f1xx/stm32f1xx_hal.o
 .debug_macro   0x000143d5       0x97 ./system/src/stm32f1xx/stm32f1xx_hal.o
 .debug_macro   0x0001446c       0x10 ./system/src/stm32f1xx/stm32f1xx_hal.o
 .debug_macro   0x0001447c       0xf6 ./system/src/stm32f1xx/stm32f1xx_hal.o
 .debug_macro   0x00014572       0x4a ./system/src/stm32f1xx/stm32f1xx_hal.o
 .debug_macro   0x000145bc       0x52 ./system/src/stm32f1xx/stm32f1xx_hal.o
 .debug_macro   0x0001460e       0x16 ./system/src/stm32f1xx/stm32f1xx_hal.o
 .debug_macro   0x00014624       0x43 ./system/src/stm32f1xx/stm32f1xx_hal.o
 .debug_macro   0x00014667      0x180 ./system/src/stm32f1xx/stm32f1xx_hal.o
 .debug_macro   0x000147e7       0x10 ./system/src/stm32f1xx/stm32f1xx_hal.o
 .debug_macro   0x000147f7       0x22 ./system/src/stm32f1xx/stm32f1xx_hal.o
 .debug_macro   0x00014819       0xbd ./system/src/stm32f1xx/stm32f1xx_hal.o
 .debug_macro   0x000148d6       0x16 ./system/src/stm32f1xx/stm32f1xx_hal.o
 .debug_macro   0x000148ec      0x16c ./system/src/stm32f1xx/stm32f1xx_hal.o
 .debug_macro   0x00014a58       0x5e ./system/src/stm32f1xx/stm32f1xx_hal.o
 .debug_macro   0x00014ab6      0x778 ./system/src/stm32f1xx/stm32f1xx_hal.o
 .debug_macro   0x0001522e      0x28b ./system/src/stm32f1xx/stm32f1xx_hal.o
 .debug_macro   0x000154b9      0x141 ./system/src/stm32f1xx/stm32f1xx_hal.o
 .debug_macro   0x000155fa      0x197 ./system/src/stm32f1xx/stm32f1xx_hal.o
 .debug_macro   0x00015791      0x1ae ./system/src/stm32f1xx/stm32f1xx_hal.o
 .debug_macro   0x0001593f       0x2d ./system/src/stm32f1xx/stm32f1xx_hal.o
 .debug_macro   0x0001596c       0x3c ./system/src/stm32f1xx/stm32f1xx_hal.o
 .debug_macro   0x000159a8      0x401 ./system/src/stm32f1xx/stm32f1xx_hal.o
 .debug_macro   0x00015da9       0x10 ./system/src/stm32f1xx/stm32f1xx_hal.o
 .debug_macro   0x00015db9       0x57 ./system/src/stm32f1xx/stm32f1xx_hal.o
 .debug_macro   0x00015e10       0x8c ./system/src/stm32f1xx/stm32f1xx_hal.o
 .debug_macro   0x00015e9c      0x242 ./system/src/stm32f1xx/stm32f1xx_hal.o
 .debug_macro   0x000160de      0x143 ./system/src/stm32f1xx/stm32f1xx_hal.o
 .debug_macro   0x00016221      0x1f4 ./system/src/stm32f1xx/stm32f1xx_hal.o
 .debug_macro   0x00016415      0x256 ./system/src/stm32f1xx/stm32f1xx_hal.o
 .debug_macro   0x0001666b       0x7c ./system/src/stm32f1xx/stm32f1xx_hal.o
 .debug_macro   0x000166e7      0x266 ./system/src/stm32f1xx/stm32f1xx_hal_can.o
 .debug_macro   0x0001694d      0x237 ./system/src/stm32f1xx/stm32f1xx_hal_cortex.o
 .debug_macro   0x00016b84      0x2a7 ./system/src/stm32f1xx/stm32f1xx_hal_gpio.o
 .debug_macro   0x00016e2b      0x25b ./system/src/stm32f1xx/stm32f1xx_hal_rcc.o
 .debug_macro   0x00017086      0x237 ./system/src/stm32f1xx/stm32f1xx_hal_spi_ex.o
 .debug_macro   0x000172bd      0x238 ./system/src/stm32f1xx/stm32f1xx_hal_uart.o
 .debug_macro   0x000174f5      0x11b ./system/src/newlib/_exit.o
 .debug_macro   0x00017610      0x850 ./system/src/newlib/_exit.o
 .debug_macro   0x00017e60      0x10e ./system/src/newlib/_exit.o
 .debug_macro   0x00017f6e       0x86 ./system/src/newlib/_exit.o
 .debug_macro   0x00017ff4       0x10 ./system/src/newlib/_exit.o
 .debug_macro   0x00018004       0x35 ./system/src/newlib/_exit.o
 .debug_macro   0x00018039       0xd1 ./system/src/newlib/_sbrk.o
 .debug_macro   0x0001810a       0x19 ./system/src/newlib/_sbrk.o
 .debug_macro   0x00018123      0x16d ./system/src/newlib/_sbrk.o
 .debug_macro   0x00018290       0x10 ./system/src/newlib/_sbrk.o
 .debug_macro   0x000182a0      0x23b ./system/src/newlib/_sbrk.o
 .debug_macro   0x000184db       0xdb ./system/src/newlib/_startup.o
 .debug_macro   0x000185b6      0x169 ./system/src/newlib/_syscalls.o
 .debug_macro   0x0001871f       0x1c ./system/src/newlib/_syscalls.o
 .debug_macro   0x0001873b       0x10 ./system/src/newlib/_syscalls.o
 .debug_macro   0x0001874b       0x10 ./system/src/newlib/_syscalls.o
 .debug_macro   0x0001875b       0x10 ./system/src/newlib/_syscalls.o
 .debug_macro   0x0001876b       0x35 ./system/src/newlib/_syscalls.o
 .debug_macro   0x000187a0      0x120 ./system/src/newlib/_syscalls.o
 .debug_macro   0x000188c0       0x22 ./system/src/newlib/_syscalls.o
 .debug_macro   0x000188e2       0x2b ./system/src/newlib/_syscalls.o
 .debug_macro   0x0001890d      0x118 ./system/src/newlib/_syscalls.o
 .debug_macro   0x00018a25      0x13a ./system/src/newlib/_syscalls.o
 .debug_macro   0x00018b5f       0x16 ./system/src/newlib/_syscalls.o
 .debug_macro   0x00018b75      0x15a ./system/src/diag/Trace.o
 .debug_macro   0x00018ccf       0x52 ./system/src/diag/Trace.o
 .debug_macro   0x00018d21      0x283 ./system/src/diag/Trace.o
 .debug_macro   0x00018fa4       0x10 ./system/src/diag/Trace.o
 .debug_macro   0x00018fb4       0x1f ./system/src/diag/Trace.o
 .debug_macro   0x00018fd3      0x150 ./system/src/diag/trace_impl.o
 .debug_macro   0x00019123       0x8a ./system/src/cortexm/_initialize_hardware.o
 .debug_macro   0x000191ad      0x1af ./system/src/cortexm/exception_handlers.o
 .debug_macro   0x0001935c       0x3a ./system/src/cortexm/exception_handlers.o
 .debug_macro   0x00019396       0x22 ./system/src/cortexm/exception_handlers.o
 .debug_macro   0x000193b8       0x92 ./system/src/cmsis/system_stm32f1xx.o
 .debug_macro   0x0001944a      0x2fc ./src/main.o
 .debug_macro   0x00019746       0x16 ./src/main.o
 .debug_macro   0x0001975c       0xc5 ./src/main.o
 .debug_macro   0x00019821       0x91 ./src/main.o
 .debug_macro   0x000198b2       0xb0 ./src/main.o
 .debug_macro   0x00019962       0x7f ./src/main.o
 .debug_macro   0x000199e1       0x19 ./src/main.o
 .debug_macro   0x000199fa       0xcf ./src/main.o
 .debug_macro   0x00019ac9      0x237 ./src/stm32f1xx_hal_msp.o
 .debug_macro   0x00019d00      0x302 ./src/stm32f1xx_it.o
 .debug_macro   0x0001a002      0x172 ./Middlewares/Third_Party/FreeRTOS/Source/portable/MemMang/heap_4.o
 .debug_macro   0x0001a174      0x13f ./Middlewares/Third_Party/FreeRTOS/Source/portable/GCC/ARM_CM3/port.o
 .debug_macro   0x0001a2b3      0x1c2 ./Middlewares/Third_Party/FreeRTOS/Source/CMSIS_RTOS/cmsis_os.o
 .debug_macro   0x0001a475       0x26 ./Middlewares/Third_Party/FreeRTOS/Source/CMSIS_RTOS/cmsis_os.o
 .debug_macro   0x0001a49b      0x14b ./Middlewares/Third_Party/FreeRTOS/Source/list.o
 .debug_macro   0x0001a5e6      0x217 ./Middlewares/Third_Party/FreeRTOS/Source/tasks.o
 .debug_macro   0x0001a7fd       0x11 ./Middlewares/Third_Party/FreeRTOS/Source/tasks.o
